first-block
second-block
third-block
fourth-block
